[0.063s] DEBUG:colcon:Command line arguments: ['/usr/bin/colcon', 'build', '--packages-select', 'dbvf_autonomy']
[0.063s] DEBUG:colcon:Parsed command line arguments: Namespace(log_base=None, log_level=None, verb_name='build', build_base='build', install_base='install', merge_install=False, symlink_install=False, test_result_base=None, continue_on_error=False, executor='parallel', parallel_workers=16, event_handlers=None, ignore_user_meta=False, metas=['./colcon.meta'], base_paths=['.'], packages_ignore=None, packages_ignore_regex=None, paths=None, packages_up_to=None, packages_up_to_regex=None, packages_above=None, packages_above_and_dependencies=None, packages_above_depth=None, packages_select_by_dep=None, packages_skip_by_dep=None, packages_skip_up_to=None, packages_select_build_failed=False, packages_skip_build_finished=False, packages_select_test_failures=False, packages_skip_test_passed=False, packages_select=['dbvf_autonomy'], packages_skip=None, packages_select_regex=None, packages_skip_regex=None, packages_start=None, packages_end=None, allow_overriding=[], cmake_args=None, cmake_target=None, cmake_target_skip_unavailable=False, cmake_clean_cache=False, cmake_clean_first=False, cmake_force_configure=False, ament_cmake_args=None, catkin_cmake_args=None, catkin_skip_building_tests=False, mixin_files=None, mixin=None, verb_parser=<colcon_mixin.mixin.mixin_argument.MixinArgumentDecorator object at 0x714771363af0>, verb_extension=<colcon_core.verb.build.BuildVerb object at 0x7147714ad060>, main=<bound method BuildVerb.main of <colcon_core.verb.build.BuildVerb object at 0x7147714ad060>>, mixin_verb=('build',))
[0.085s] Level 1:colcon.colcon_core.package_discovery:discover_packages(colcon_meta) check parameters
[0.085s] Level 1:colcon.colcon_core.package_discovery:discover_packages(recursive) check parameters
[0.085s] Level 1:colcon.colcon_core.package_discovery:discover_packages(ignore) check parameters
[0.085s] Level 1:colcon.colcon_core.package_discovery:discover_packages(path) check parameters
[0.085s] Level 1:colcon.colcon_core.package_discovery:discover_packages(colcon_meta) discover
[0.085s] Level 1:colcon.colcon_core.package_discovery:discover_packages(recursive) discover
[0.085s] INFO:colcon.colcon_core.package_discovery:Crawling recursively for packages in '/home/finn/Documents/ardu_ws/src/dbvf_autonomy'
[0.085s] Level 1:colcon.colcon_core.package_identification:_identify(.) by extensions ['ignore', 'ignore_ament_install']
[0.085s] Level 1:colcon.colcon_core.package_identification:_identify(.) by extension 'ignore'
[0.085s] Level 1:colcon.colcon_core.package_identification:_identify(.) by extension 'ignore_ament_install'
[0.085s] Level 1:colcon.colcon_core.package_identification:_identify(.) by extensions ['colcon_pkg']
[0.085s] Level 1:colcon.colcon_core.package_identification:_identify(.) by extension 'colcon_pkg'
[0.085s] Level 1:colcon.colcon_core.package_identification:_identify(.) by extensions ['colcon_meta']
[0.085s] Level 1:colcon.colcon_core.package_identification:_identify(.) by extension 'colcon_meta'
[0.085s] Level 1:colcon.colcon_core.package_identification:_identify(.) by extensions ['ros']
[0.085s] Level 1:colcon.colcon_core.package_identification:_identify(.) by extension 'ros'
[0.095s] DEBUG:colcon.colcon_core.package_identification:Package '.' with type 'ros.ament_cmake' and name 'dbvf_autonomy'
[0.095s] Level 1:colcon.colcon_core.package_discovery:discover_packages(recursive) using defaults
[0.095s] Level 1:colcon.colcon_core.package_discovery:discover_packages(ignore) discover
[0.095s] Level 1:colcon.colcon_core.package_discovery:discover_packages(ignore) using defaults
[0.095s] Level 1:colcon.colcon_core.package_discovery:discover_packages(path) discover
[0.095s] Level 1:colcon.colcon_core.package_discovery:discover_packages(path) using defaults
[0.107s] Level 1:colcon.colcon_core.package_discovery:discover_packages(prefix_path) check parameters
[0.108s] Level 1:colcon.colcon_core.package_discovery:discover_packages(prefix_path) discover
[0.109s] DEBUG:colcon.colcon_installed_package_information.package_discovery:Found 323 installed packages in /opt/ros/humble
[0.110s] Level 1:colcon.colcon_core.package_discovery:discover_packages(prefix_path) using defaults
[0.133s] Level 5:colcon.colcon_core.verb:set package 'dbvf_autonomy' build argument 'cmake_args' from command line to 'None'
[0.133s] Level 5:colcon.colcon_core.verb:set package 'dbvf_autonomy' build argument 'cmake_target' from command line to 'None'
[0.133s] Level 5:colcon.colcon_core.verb:set package 'dbvf_autonomy' build argument 'cmake_target_skip_unavailable' from command line to 'False'
[0.133s] Level 5:colcon.colcon_core.verb:set package 'dbvf_autonomy' build argument 'cmake_clean_cache' from command line to 'False'
[0.133s] Level 5:colcon.colcon_core.verb:set package 'dbvf_autonomy' build argument 'cmake_clean_first' from command line to 'False'
[0.133s] Level 5:colcon.colcon_core.verb:set package 'dbvf_autonomy' build argument 'cmake_force_configure' from command line to 'False'
[0.133s] Level 5:colcon.colcon_core.verb:set package 'dbvf_autonomy' build argument 'ament_cmake_args' from command line to 'None'
[0.133s] Level 5:colcon.colcon_core.verb:set package 'dbvf_autonomy' build argument 'catkin_cmake_args' from command line to 'None'
[0.133s] Level 5:colcon.colcon_core.verb:set package 'dbvf_autonomy' build argument 'catkin_skip_building_tests' from command line to 'False'
[0.133s] DEBUG:colcon.colcon_core.verb:Building package 'dbvf_autonomy' with the following arguments: {'ament_cmake_args': None, 'build_base': '/home/finn/Documents/ardu_ws/src/dbvf_autonomy/build/dbvf_autonomy', 'catkin_cmake_args': None, 'catkin_skip_building_tests': False, 'cmake_args': None, 'cmake_clean_cache': False, 'cmake_clean_first': False, 'cmake_force_configure': False, 'cmake_target': None, 'cmake_target_skip_unavailable': False, 'install_base': '/home/finn/Documents/ardu_ws/src/dbvf_autonomy/install/dbvf_autonomy', 'merge_install': False, 'path': '/home/finn/Documents/ardu_ws/src/dbvf_autonomy', 'symlink_install': False, 'test_result_base': None}
[0.134s] INFO:colcon.colcon_core.executor:Executing jobs using 'parallel' executor
[0.134s] DEBUG:colcon.colcon_parallel_executor.executor.parallel:run_until_complete
[0.134s] INFO:colcon.colcon_ros.task.ament_cmake.build:Building ROS package in '/home/finn/Documents/ardu_ws/src/dbvf_autonomy' with build type 'ament_cmake'
[0.134s] INFO:colcon.colcon_cmake.task.cmake.build:Building CMake package in '/home/finn/Documents/ardu_ws/src/dbvf_autonomy'
[0.136s] INFO:colcon.colcon_core.plugin_system:Skipping extension 'colcon_core.shell.bat': Not used on non-Windows systems
[0.136s] INFO:colcon.colcon_core.shell:Skip shell extension 'powershell' for command environment: Not usable outside of PowerShell
[0.136s] DEBUG:colcon.colcon_core.shell:Skip shell extension 'dsv' for command environment
[0.141s] DEBUG:colcon.colcon_core.event_handler.log_command:Invoking command in '/home/finn/Documents/ardu_ws/src/dbvf_autonomy/build/dbvf_autonomy': CMAKE_PREFIX_PATH=/opt/ros/humble /usr/bin/cmake --build /home/finn/Documents/ardu_ws/src/dbvf_autonomy/build/dbvf_autonomy -- -j16 -l16
[0.383s] DEBUG:colcon.colcon_core.event_handler.log_command:Invoked command in '/home/finn/Documents/ardu_ws/src/dbvf_autonomy/build/dbvf_autonomy' returned '0': CMAKE_PREFIX_PATH=/opt/ros/humble /usr/bin/cmake --build /home/finn/Documents/ardu_ws/src/dbvf_autonomy/build/dbvf_autonomy -- -j16 -l16
[0.391s] DEBUG:colcon.colcon_core.event_handler.log_command:Invoking command in '/home/finn/Documents/ardu_ws/src/dbvf_autonomy/build/dbvf_autonomy': CMAKE_PREFIX_PATH=/opt/ros/humble /usr/bin/cmake --install /home/finn/Documents/ardu_ws/src/dbvf_autonomy/build/dbvf_autonomy
[0.428s] Level 1:colcon.colcon_core.environment:create_environment_scripts_only(dbvf_autonomy)
[0.428s] DEBUG:colcon.colcon_core.event_handler.log_command:Invoked command in '/home/finn/Documents/ardu_ws/src/dbvf_autonomy/build/dbvf_autonomy' returned '0': CMAKE_PREFIX_PATH=/opt/ros/humble /usr/bin/cmake --install /home/finn/Documents/ardu_ws/src/dbvf_autonomy/build/dbvf_autonomy
[0.430s] Level 1:colcon.colcon_core.environment:checking '/home/finn/Documents/ardu_ws/src/dbvf_autonomy/install/dbvf_autonomy' for CMake module files
[0.430s] Level 1:colcon.colcon_core.environment:checking '/home/finn/Documents/ardu_ws/src/dbvf_autonomy/install/dbvf_autonomy' for CMake config files
[0.431s] Level 1:colcon.colcon_core.shell:create_environment_hook('dbvf_autonomy', 'cmake_prefix_path')
[0.431s] INFO:colcon.colcon_core.shell:Creating environment hook '/home/finn/Documents/ardu_ws/src/dbvf_autonomy/install/dbvf_autonomy/share/dbvf_autonomy/hook/cmake_prefix_path.ps1'
[0.431s] INFO:colcon.colcon_core.shell:Creating environment descriptor '/home/finn/Documents/ardu_ws/src/dbvf_autonomy/install/dbvf_autonomy/share/dbvf_autonomy/hook/cmake_prefix_path.dsv'
[0.431s] INFO:colcon.colcon_core.shell:Creating environment hook '/home/finn/Documents/ardu_ws/src/dbvf_autonomy/install/dbvf_autonomy/share/dbvf_autonomy/hook/cmake_prefix_path.sh'
[0.432s] Level 1:colcon.colcon_core.environment:checking '/home/finn/Documents/ardu_ws/src/dbvf_autonomy/install/dbvf_autonomy/lib'
[0.432s] Level 1:colcon.colcon_core.environment:checking '/home/finn/Documents/ardu_ws/src/dbvf_autonomy/install/dbvf_autonomy/bin'
[0.432s] Level 1:colcon.colcon_core.environment:checking '/home/finn/Documents/ardu_ws/src/dbvf_autonomy/install/dbvf_autonomy/lib/pkgconfig/dbvf_autonomy.pc'
[0.432s] Level 1:colcon.colcon_core.environment:checking '/home/finn/Documents/ardu_ws/src/dbvf_autonomy/install/dbvf_autonomy/lib/python3.10/site-packages'
[0.432s] Level 1:colcon.colcon_core.environment:checking '/home/finn/Documents/ardu_ws/src/dbvf_autonomy/install/dbvf_autonomy/bin'
[0.432s] INFO:colcon.colcon_core.shell:Creating package script '/home/finn/Documents/ardu_ws/src/dbvf_autonomy/install/dbvf_autonomy/share/dbvf_autonomy/package.ps1'
[0.433s] INFO:colcon.colcon_core.shell:Creating package descriptor '/home/finn/Documents/ardu_ws/src/dbvf_autonomy/install/dbvf_autonomy/share/dbvf_autonomy/package.dsv'
[0.433s] INFO:colcon.colcon_core.shell:Creating package script '/home/finn/Documents/ardu_ws/src/dbvf_autonomy/install/dbvf_autonomy/share/dbvf_autonomy/package.sh'
[0.434s] INFO:colcon.colcon_core.shell:Creating package script '/home/finn/Documents/ardu_ws/src/dbvf_autonomy/install/dbvf_autonomy/share/dbvf_autonomy/package.bash'
[0.434s] INFO:colcon.colcon_core.shell:Creating package script '/home/finn/Documents/ardu_ws/src/dbvf_autonomy/install/dbvf_autonomy/share/dbvf_autonomy/package.zsh'
[0.434s] Level 1:colcon.colcon_core.environment:create_file_with_runtime_dependencies(/home/finn/Documents/ardu_ws/src/dbvf_autonomy/install/dbvf_autonomy/share/colcon-core/packages/dbvf_autonomy)
[0.435s] Level 1:colcon.colcon_core.environment:create_environment_scripts_only(dbvf_autonomy)
[0.435s] Level 1:colcon.colcon_core.environment:checking '/home/finn/Documents/ardu_ws/src/dbvf_autonomy/install/dbvf_autonomy' for CMake module files
[0.435s] Level 1:colcon.colcon_core.environment:checking '/home/finn/Documents/ardu_ws/src/dbvf_autonomy/install/dbvf_autonomy' for CMake config files
[0.435s] Level 1:colcon.colcon_core.shell:create_environment_hook('dbvf_autonomy', 'cmake_prefix_path')
[0.435s] INFO:colcon.colcon_core.shell:Creating environment hook '/home/finn/Documents/ardu_ws/src/dbvf_autonomy/install/dbvf_autonomy/share/dbvf_autonomy/hook/cmake_prefix_path.ps1'
[0.436s] INFO:colcon.colcon_core.shell:Creating environment descriptor '/home/finn/Documents/ardu_ws/src/dbvf_autonomy/install/dbvf_autonomy/share/dbvf_autonomy/hook/cmake_prefix_path.dsv'
[0.436s] INFO:colcon.colcon_core.shell:Creating environment hook '/home/finn/Documents/ardu_ws/src/dbvf_autonomy/install/dbvf_autonomy/share/dbvf_autonomy/hook/cmake_prefix_path.sh'
[0.436s] Level 1:colcon.colcon_core.environment:checking '/home/finn/Documents/ardu_ws/src/dbvf_autonomy/install/dbvf_autonomy/lib'
[0.436s] Level 1:colcon.colcon_core.environment:checking '/home/finn/Documents/ardu_ws/src/dbvf_autonomy/install/dbvf_autonomy/bin'
[0.436s] Level 1:colcon.colcon_core.environment:checking '/home/finn/Documents/ardu_ws/src/dbvf_autonomy/install/dbvf_autonomy/lib/pkgconfig/dbvf_autonomy.pc'
[0.436s] Level 1:colcon.colcon_core.environment:checking '/home/finn/Documents/ardu_ws/src/dbvf_autonomy/install/dbvf_autonomy/lib/python3.10/site-packages'
[0.436s] Level 1:colcon.colcon_core.environment:checking '/home/finn/Documents/ardu_ws/src/dbvf_autonomy/install/dbvf_autonomy/bin'
[0.437s] INFO:colcon.colcon_core.shell:Creating package script '/home/finn/Documents/ardu_ws/src/dbvf_autonomy/install/dbvf_autonomy/share/dbvf_autonomy/package.ps1'
[0.437s] INFO:colcon.colcon_core.shell:Creating package descriptor '/home/finn/Documents/ardu_ws/src/dbvf_autonomy/install/dbvf_autonomy/share/dbvf_autonomy/package.dsv'
[0.437s] INFO:colcon.colcon_core.shell:Creating package script '/home/finn/Documents/ardu_ws/src/dbvf_autonomy/install/dbvf_autonomy/share/dbvf_autonomy/package.sh'
[0.437s] INFO:colcon.colcon_core.shell:Creating package script '/home/finn/Documents/ardu_ws/src/dbvf_autonomy/install/dbvf_autonomy/share/dbvf_autonomy/package.bash'
[0.438s] INFO:colcon.colcon_core.shell:Creating package script '/home/finn/Documents/ardu_ws/src/dbvf_autonomy/install/dbvf_autonomy/share/dbvf_autonomy/package.zsh'
[0.438s] Level 1:colcon.colcon_core.environment:create_file_with_runtime_dependencies(/home/finn/Documents/ardu_ws/src/dbvf_autonomy/install/dbvf_autonomy/share/colcon-core/packages/dbvf_autonomy)
[0.438s] DEBUG:colcon.colcon_parallel_executor.executor.parallel:closing loop
[0.438s] DEBUG:colcon.colcon_parallel_executor.executor.parallel:loop closed
[0.438s] DEBUG:colcon.colcon_parallel_executor.executor.parallel:run_until_complete finished with '0'
[0.438s] DEBUG:colcon.colcon_core.event_reactor:joining thread
[0.441s] INFO:colcon.colcon_core.plugin_system:Skipping extension 'colcon_notification.desktop_notification.terminal_notifier': Not used on non-Darwin systems
[0.441s] INFO:colcon.colcon_core.plugin_system:Skipping extension 'colcon_notification.desktop_notification.win32': Not used on non-Windows systems
[0.441s] INFO:colcon.colcon_notification.desktop_notification:Sending desktop notification using 'notify2'
[0.449s] DEBUG:colcon.colcon_core.event_reactor:joined thread
[0.449s] INFO:colcon.colcon_core.shell:Creating prefix script '/home/finn/Documents/ardu_ws/src/dbvf_autonomy/install/local_setup.ps1'
[0.450s] INFO:colcon.colcon_core.shell:Creating prefix util module '/home/finn/Documents/ardu_ws/src/dbvf_autonomy/install/_local_setup_util_ps1.py'
[0.451s] INFO:colcon.colcon_core.shell:Creating prefix chain script '/home/finn/Documents/ardu_ws/src/dbvf_autonomy/install/setup.ps1'
[0.451s] INFO:colcon.colcon_core.shell:Creating prefix script '/home/finn/Documents/ardu_ws/src/dbvf_autonomy/install/local_setup.sh'
[0.451s] INFO:colcon.colcon_core.shell:Creating prefix util module '/home/finn/Documents/ardu_ws/src/dbvf_autonomy/install/_local_setup_util_sh.py'
[0.452s] INFO:colcon.colcon_core.shell:Creating prefix chain script '/home/finn/Documents/ardu_ws/src/dbvf_autonomy/install/setup.sh'
[0.452s] INFO:colcon.colcon_core.shell:Creating prefix script '/home/finn/Documents/ardu_ws/src/dbvf_autonomy/install/local_setup.bash'
[0.452s] INFO:colcon.colcon_core.shell:Creating prefix chain script '/home/finn/Documents/ardu_ws/src/dbvf_autonomy/install/setup.bash'
[0.453s] INFO:colcon.colcon_core.shell:Creating prefix script '/home/finn/Documents/ardu_ws/src/dbvf_autonomy/install/local_setup.zsh'
[0.453s] INFO:colcon.colcon_core.shell:Creating prefix chain script '/home/finn/Documents/ardu_ws/src/dbvf_autonomy/install/setup.zsh'
