Built target ament_cmake_python_copy_dbvf_autonomy
running egg_info
writing dbvf_autonomy.egg-info/PKG-INFO
writing dependency_links to dbvf_autonomy.egg-info/dependency_links.txt
writing top-level names to dbvf_autonomy.egg-info/top_level.txt
reading manifest file 'dbvf_autonomy.egg-info/SOURCES.txt'
writing manifest file 'dbvf_autonomy.egg-info/SOURCES.txt'
Built target ament_cmake_python_build_dbvf_autonomy_egg
-- Install configuration: ""
-- Up-to-date: /home/finn/Documents/ardu_ws/src/dbvf_autonomy/install/dbvf_autonomy/share/dbvf_autonomy/environment/pythonpath.sh
-- Up-to-date: /home/finn/Documents/ardu_ws/src/dbvf_autonomy/install/dbvf_autonomy/share/dbvf_autonomy/environment/pythonpath.dsv
-- Up-to-date: /home/finn/Documents/ardu_ws/src/dbvf_autonomy/install/dbvf_autonomy/local/lib/python3.10/dist-packages/dbvf_autonomy-0.0.1-py3.10.egg-info
-- Installing: /home/finn/Documents/ardu_ws/src/dbvf_autonomy/install/dbvf_autonomy/local/lib/python3.10/dist-packages/dbvf_autonomy-0.0.1-py3.10.egg-info/PKG-INFO
-- Installing: /home/finn/Documents/ardu_ws/src/dbvf_autonomy/install/dbvf_autonomy/local/lib/python3.10/dist-packages/dbvf_autonomy-0.0.1-py3.10.egg-info/top_level.txt
-- Installing: /home/finn/Documents/ardu_ws/src/dbvf_autonomy/install/dbvf_autonomy/local/lib/python3.10/dist-packages/dbvf_autonomy-0.0.1-py3.10.egg-info/SOURCES.txt
-- Installing: /home/finn/Documents/ardu_ws/src/dbvf_autonomy/install/dbvf_autonomy/local/lib/python3.10/dist-packages/dbvf_autonomy-0.0.1-py3.10.egg-info/dependency_links.txt
-- Up-to-date: /home/finn/Documents/ardu_ws/src/dbvf_autonomy/install/dbvf_autonomy/local/lib/python3.10/dist-packages/dbvf_autonomy
-- Up-to-date: /home/finn/Documents/ardu_ws/src/dbvf_autonomy/install/dbvf_autonomy/local/lib/python3.10/dist-packages/dbvf_autonomy/csi_camera_node.py
-- Up-to-date: /home/finn/Documents/ardu_ws/src/dbvf_autonomy/install/dbvf_autonomy/local/lib/python3.10/dist-packages/dbvf_autonomy/tag_detector_adapter_node.py
-- Up-to-date: /home/finn/Documents/ardu_ws/src/dbvf_autonomy/install/dbvf_autonomy/local/lib/python3.10/dist-packages/dbvf_autonomy/__init__.py
-- Up-to-date: /home/finn/Documents/ardu_ws/src/dbvf_autonomy/install/dbvf_autonomy/local/lib/python3.10/dist-packages/dbvf_autonomy/mavlink_interface_node.py
-- Up-to-date: /home/finn/Documents/ardu_ws/src/dbvf_autonomy/install/dbvf_autonomy/local/lib/python3.10/dist-packages/dbvf_autonomy/tag_visualizer_node.py
-- Up-to-date: /home/finn/Documents/ardu_ws/src/dbvf_autonomy/install/dbvf_autonomy/local/lib/python3.10/dist-packages/dbvf_autonomy/mission_sequencer_node.py
-- Up-to-date: /home/finn/Documents/ardu_ws/src/dbvf_autonomy/install/dbvf_autonomy/local/lib/python3.10/dist-packages/dbvf_autonomy/precision_landing_node.py
-- Installing: /home/finn/Documents/ardu_ws/src/dbvf_autonomy/install/dbvf_autonomy/local/lib/python3.10/dist-packages/dbvf_autonomy/mission_state_machine.py
-- Up-to-date: /home/finn/Documents/ardu_ws/src/dbvf_autonomy/install/dbvf_autonomy/local/lib/python3.10/dist-packages/dbvf_autonomy/arduino_interface_node.py
-- Up-to-date: /home/finn/Documents/ardu_ws/src/dbvf_autonomy/install/dbvf_autonomy/local/lib/python3.10/dist-packages/dbvf_autonomy/mission_helpers.py
Listing '/home/finn/Documents/ardu_ws/src/dbvf_autonomy/install/dbvf_autonomy/local/lib/python3.10/dist-packages/dbvf_autonomy'...
Compiling '/home/finn/Documents/ardu_ws/src/dbvf_autonomy/install/dbvf_autonomy/local/lib/python3.10/dist-packages/dbvf_autonomy/mission_state_machine.py'...
-- Up-to-date: /home/finn/Documents/ardu_ws/src/dbvf_autonomy/install/dbvf_autonomy/share/dbvf_autonomy/launch
-- Up-to-date: /home/finn/Documents/ardu_ws/src/dbvf_autonomy/install/dbvf_autonomy/share/dbvf_autonomy/launch/precision_landing_sim.launch.py
-- Up-to-date: /home/finn/Documents/ardu_ws/src/dbvf_autonomy/install/dbvf_autonomy/share/dbvf_autonomy/launch/precision_landing_real.launch.py
-- Up-to-date: /home/finn/Documents/ardu_ws/src/dbvf_autonomy/install/dbvf_autonomy/share/dbvf_autonomy/launch/mission_sim.launch.py
-- Up-to-date: /home/finn/Documents/ardu_ws/src/dbvf_autonomy/install/dbvf_autonomy/share/dbvf_autonomy/launch/mission_real.launch.py
-- Up-to-date: /home/finn/Documents/ardu_ws/src/dbvf_autonomy/install/dbvf_autonomy/share/dbvf_autonomy/config
-- Up-to-date: /home/finn/Documents/ardu_ws/src/dbvf_autonomy/install/dbvf_autonomy/share/dbvf_autonomy/config/jetson_params.yaml
-- Up-to-date: /home/finn/Documents/ardu_ws/src/dbvf_autonomy/install/dbvf_autonomy/share/dbvf_autonomy/config/mission_params.yaml
-- Up-to-date: /home/finn/Documents/ardu_ws/src/dbvf_autonomy/install/dbvf_autonomy/share/dbvf_autonomy/config/hardware_params.yaml
-- Up-to-date: /home/finn/Documents/ardu_ws/src/dbvf_autonomy/install/dbvf_autonomy/share/dbvf_autonomy/config/sim_params.yaml
-- Up-to-date: /home/finn/Documents/ardu_ws/src/dbvf_autonomy/install/dbvf_autonomy/lib/dbvf_autonomy/mavlink_interface_node
-- Up-to-date: /home/finn/Documents/ardu_ws/src/dbvf_autonomy/install/dbvf_autonomy/lib/dbvf_autonomy/tag_detector_adapter_node
-- Up-to-date: /home/finn/Documents/ardu_ws/src/dbvf_autonomy/install/dbvf_autonomy/lib/dbvf_autonomy/precision_landing_node
-- Up-to-date: /home/finn/Documents/ardu_ws/src/dbvf_autonomy/install/dbvf_autonomy/lib/dbvf_autonomy/tag_visualizer_node
-- Up-to-date: /home/finn/Documents/ardu_ws/src/dbvf_autonomy/install/dbvf_autonomy/lib/dbvf_autonomy/mission_sequencer_node
-- Up-to-date: /home/finn/Documents/ardu_ws/src/dbvf_autonomy/install/dbvf_autonomy/lib/dbvf_autonomy/arduino_interface_node
-- Up-to-date: /home/finn/Documents/ardu_ws/src/dbvf_autonomy/install/dbvf_autonomy/lib/dbvf_autonomy/csi_camera_node
-- Up-to-date: /home/finn/Documents/ardu_ws/src/dbvf_autonomy/install/dbvf_autonomy/share/ament_index/resource_index/package_run_dependencies/dbvf_autonomy
-- Up-to-date: /home/finn/Documents/ardu_ws/src/dbvf_autonomy/install/dbvf_autonomy/share/ament_index/resource_index/parent_prefix_path/dbvf_autonomy
-- Up-to-date: /home/finn/Documents/ardu_ws/src/dbvf_autonomy/install/dbvf_autonomy/share/dbvf_autonomy/environment/ament_prefix_path.sh
-- Up-to-date: /home/finn/Documents/ardu_ws/src/dbvf_autonomy/install/dbvf_autonomy/share/dbvf_autonomy/environment/ament_prefix_path.dsv
-- Up-to-date: /home/finn/Documents/ardu_ws/src/dbvf_autonomy/install/dbvf_autonomy/share/dbvf_autonomy/environment/path.sh
-- Up-to-date: /home/finn/Documents/ardu_ws/src/dbvf_autonomy/install/dbvf_autonomy/share/dbvf_autonomy/environment/path.dsv
-- Up-to-date: /home/finn/Documents/ardu_ws/src/dbvf_autonomy/install/dbvf_autonomy/share/dbvf_autonomy/local_setup.bash
-- Up-to-date: /home/finn/Documents/ardu_ws/src/dbvf_autonomy/install/dbvf_autonomy/share/dbvf_autonomy/local_setup.sh
-- Up-to-date: /home/finn/Documents/ardu_ws/src/dbvf_autonomy/install/dbvf_autonomy/share/dbvf_autonomy/local_setup.zsh
-- Up-to-date: /home/finn/Documents/ardu_ws/src/dbvf_autonomy/install/dbvf_autonomy/share/dbvf_autonomy/local_setup.dsv
-- Up-to-date: /home/finn/Documents/ardu_ws/src/dbvf_autonomy/install/dbvf_autonomy/share/dbvf_autonomy/package.dsv
-- Up-to-date: /home/finn/Documents/ardu_ws/src/dbvf_autonomy/install/dbvf_autonomy/share/ament_index/resource_index/packages/dbvf_autonomy
-- Up-to-date: /home/finn/Documents/ardu_ws/src/dbvf_autonomy/install/dbvf_autonomy/share/dbvf_autonomy/cmake/dbvf_autonomyConfig.cmake
-- Up-to-date: /home/finn/Documents/ardu_ws/src/dbvf_autonomy/install/dbvf_autonomy/share/dbvf_autonomy/cmake/dbvf_autonomyConfig-version.cmake
-- Up-to-date: /home/finn/Documents/ardu_ws/src/dbvf_autonomy/install/dbvf_autonomy/share/dbvf_autonomy/package.xml
