[0.007s] Invoking command in '/home/finn/Documents/ardu_ws/src/dbvf_autonomy/build/dbvf_autonomy': CMAKE_PREFIX_PATH=/opt/ros/humble /usr/bin/cmake --build /home/finn/Documents/ardu_ws/src/dbvf_autonomy/build/dbvf_autonomy -- -j16 -l16
[0.056s] Built target ament_cmake_python_copy_dbvf_autonomy
[0.181s] running egg_info
[0.190s] writing dbvf_autonomy.egg-info/PKG-INFO
[0.190s] writing dependency_links to dbvf_autonomy.egg-info/dependency_links.txt
[0.190s] writing top-level names to dbvf_autonomy.egg-info/top_level.txt
[0.214s] reading manifest file 'dbvf_autonomy.egg-info/SOURCES.txt'
[0.215s] writing manifest file 'dbvf_autonomy.egg-info/SOURCES.txt'
[0.238s] Built target ament_cmake_python_build_dbvf_autonomy_egg
[0.248s] Invoked command in '/home/finn/Documents/ardu_ws/src/dbvf_autonomy/build/dbvf_autonomy' returned '0': CMAKE_PREFIX_PATH=/opt/ros/humble /usr/bin/cmake --build /home/finn/Documents/ardu_ws/src/dbvf_autonomy/build/dbvf_autonomy -- -j16 -l16
[0.256s] Invoking command in '/home/finn/Documents/ardu_ws/src/dbvf_autonomy/build/dbvf_autonomy': CMAKE_PREFIX_PATH=/opt/ros/humble /usr/bin/cmake --install /home/finn/Documents/ardu_ws/src/dbvf_autonomy/build/dbvf_autonomy
[0.262s] -- Install configuration: ""
[0.262s] -- Up-to-date: /home/finn/Documents/ardu_ws/src/dbvf_autonomy/install/dbvf_autonomy/share/dbvf_autonomy/environment/pythonpath.sh
[0.262s] -- Up-to-date: /home/finn/Documents/ardu_ws/src/dbvf_autonomy/install/dbvf_autonomy/share/dbvf_autonomy/environment/pythonpath.dsv
[0.262s] -- Up-to-date: /home/finn/Documents/ardu_ws/src/dbvf_autonomy/install/dbvf_autonomy/local/lib/python3.10/dist-packages/dbvf_autonomy-0.0.1-py3.10.egg-info
[0.263s] -- Installing: /home/finn/Documents/ardu_ws/src/dbvf_autonomy/install/dbvf_autonomy/local/lib/python3.10/dist-packages/dbvf_autonomy-0.0.1-py3.10.egg-info/PKG-INFO
[0.263s] -- Installing: /home/finn/Documents/ardu_ws/src/dbvf_autonomy/install/dbvf_autonomy/local/lib/python3.10/dist-packages/dbvf_autonomy-0.0.1-py3.10.egg-info/top_level.txt
[0.263s] -- Installing: /home/finn/Documents/ardu_ws/src/dbvf_autonomy/install/dbvf_autonomy/local/lib/python3.10/dist-packages/dbvf_autonomy-0.0.1-py3.10.egg-info/SOURCES.txt
[0.263s] -- Installing: /home/finn/Documents/ardu_ws/src/dbvf_autonomy/install/dbvf_autonomy/local/lib/python3.10/dist-packages/dbvf_autonomy-0.0.1-py3.10.egg-info/dependency_links.txt
[0.263s] -- Up-to-date: /home/finn/Documents/ardu_ws/src/dbvf_autonomy/install/dbvf_autonomy/local/lib/python3.10/dist-packages/dbvf_autonomy
[0.263s] -- Up-to-date: /home/finn/Documents/ardu_ws/src/dbvf_autonomy/install/dbvf_autonomy/local/lib/python3.10/dist-packages/dbvf_autonomy/csi_camera_node.py
[0.263s] -- Up-to-date: /home/finn/Documents/ardu_ws/src/dbvf_autonomy/install/dbvf_autonomy/local/lib/python3.10/dist-packages/dbvf_autonomy/tag_detector_adapter_node.py
[0.263s] -- Up-to-date: /home/finn/Documents/ardu_ws/src/dbvf_autonomy/install/dbvf_autonomy/local/lib/python3.10/dist-packages/dbvf_autonomy/__init__.py
[0.263s] -- Up-to-date: /home/finn/Documents/ardu_ws/src/dbvf_autonomy/install/dbvf_autonomy/local/lib/python3.10/dist-packages/dbvf_autonomy/mavlink_interface_node.py
[0.263s] -- Up-to-date: /home/finn/Documents/ardu_ws/src/dbvf_autonomy/install/dbvf_autonomy/local/lib/python3.10/dist-packages/dbvf_autonomy/tag_visualizer_node.py
[0.263s] -- Up-to-date: /home/finn/Documents/ardu_ws/src/dbvf_autonomy/install/dbvf_autonomy/local/lib/python3.10/dist-packages/dbvf_autonomy/mission_sequencer_node.py
[0.263s] -- Installing: /home/finn/Documents/ardu_ws/src/dbvf_autonomy/install/dbvf_autonomy/local/lib/python3.10/dist-packages/dbvf_autonomy/precision_landing_node.py
[0.263s] -- Up-to-date: /home/finn/Documents/ardu_ws/src/dbvf_autonomy/install/dbvf_autonomy/local/lib/python3.10/dist-packages/dbvf_autonomy/mission_state_machine.py
[0.263s] -- Up-to-date: /home/finn/Documents/ardu_ws/src/dbvf_autonomy/install/dbvf_autonomy/local/lib/python3.10/dist-packages/dbvf_autonomy/arduino_interface_node.py
[0.263s] -- Up-to-date: /home/finn/Documents/ardu_ws/src/dbvf_autonomy/install/dbvf_autonomy/local/lib/python3.10/dist-packages/dbvf_autonomy/mission_helpers.py
[0.288s] Listing '/home/finn/Documents/ardu_ws/src/dbvf_autonomy/install/dbvf_autonomy/local/lib/python3.10/dist-packages/dbvf_autonomy'...
[0.288s] Compiling '/home/finn/Documents/ardu_ws/src/dbvf_autonomy/install/dbvf_autonomy/local/lib/python3.10/dist-packages/dbvf_autonomy/precision_landing_node.py'...
[0.291s] -- Up-to-date: /home/finn/Documents/ardu_ws/src/dbvf_autonomy/install/dbvf_autonomy/share/dbvf_autonomy/launch
[0.291s] -- Up-to-date: /home/finn/Documents/ardu_ws/src/dbvf_autonomy/install/dbvf_autonomy/share/dbvf_autonomy/launch/precision_landing_sim.launch.py
[0.291s] -- Up-to-date: /home/finn/Documents/ardu_ws/src/dbvf_autonomy/install/dbvf_autonomy/share/dbvf_autonomy/launch/precision_landing_real.launch.py
[0.292s] -- Up-to-date: /home/finn/Documents/ardu_ws/src/dbvf_autonomy/install/dbvf_autonomy/share/dbvf_autonomy/launch/mission_sim.launch.py
[0.292s] -- Up-to-date: /home/finn/Documents/ardu_ws/src/dbvf_autonomy/install/dbvf_autonomy/share/dbvf_autonomy/launch/mission_real.launch.py
[0.292s] -- Up-to-date: /home/finn/Documents/ardu_ws/src/dbvf_autonomy/install/dbvf_autonomy/share/dbvf_autonomy/config
[0.292s] -- Up-to-date: /home/finn/Documents/ardu_ws/src/dbvf_autonomy/install/dbvf_autonomy/share/dbvf_autonomy/config/jetson_params.yaml
[0.292s] -- Up-to-date: /home/finn/Documents/ardu_ws/src/dbvf_autonomy/install/dbvf_autonomy/share/dbvf_autonomy/config/mission_params.yaml
[0.292s] -- Up-to-date: /home/finn/Documents/ardu_ws/src/dbvf_autonomy/install/dbvf_autonomy/share/dbvf_autonomy/config/hardware_params.yaml
[0.292s] -- Up-to-date: /home/finn/Documents/ardu_ws/src/dbvf_autonomy/install/dbvf_autonomy/share/dbvf_autonomy/config/sim_params.yaml
[0.292s] -- Up-to-date: /home/finn/Documents/ardu_ws/src/dbvf_autonomy/install/dbvf_autonomy/lib/dbvf_autonomy/mavlink_interface_node
[0.292s] -- Up-to-date: /home/finn/Documents/ardu_ws/src/dbvf_autonomy/install/dbvf_autonomy/lib/dbvf_autonomy/tag_detector_adapter_node
[0.292s] -- Up-to-date: /home/finn/Documents/ardu_ws/src/dbvf_autonomy/install/dbvf_autonomy/lib/dbvf_autonomy/precision_landing_node
[0.292s] -- Up-to-date: /home/finn/Documents/ardu_ws/src/dbvf_autonomy/install/dbvf_autonomy/lib/dbvf_autonomy/tag_visualizer_node
[0.292s] -- Up-to-date: /home/finn/Documents/ardu_ws/src/dbvf_autonomy/install/dbvf_autonomy/lib/dbvf_autonomy/mission_sequencer_node
[0.292s] -- Up-to-date: /home/finn/Documents/ardu_ws/src/dbvf_autonomy/install/dbvf_autonomy/lib/dbvf_autonomy/arduino_interface_node
[0.292s] -- Up-to-date: /home/finn/Documents/ardu_ws/src/dbvf_autonomy/install/dbvf_autonomy/lib/dbvf_autonomy/csi_camera_node
[0.292s] -- Up-to-date: /home/finn/Documents/ardu_ws/src/dbvf_autonomy/install/dbvf_autonomy/share/ament_index/resource_index/package_run_dependencies/dbvf_autonomy
[0.292s] -- Up-to-date: /home/finn/Documents/ardu_ws/src/dbvf_autonomy/install/dbvf_autonomy/share/ament_index/resource_index/parent_prefix_path/dbvf_autonomy
[0.292s] -- Up-to-date: /home/finn/Documents/ardu_ws/src/dbvf_autonomy/install/dbvf_autonomy/share/dbvf_autonomy/environment/ament_prefix_path.sh
[0.292s] -- Up-to-date: /home/finn/Documents/ardu_ws/src/dbvf_autonomy/install/dbvf_autonomy/share/dbvf_autonomy/environment/ament_prefix_path.dsv
[0.292s] -- Up-to-date: /home/finn/Documents/ardu_ws/src/dbvf_autonomy/install/dbvf_autonomy/share/dbvf_autonomy/environment/path.sh
[0.292s] -- Up-to-date: /home/finn/Documents/ardu_ws/src/dbvf_autonomy/install/dbvf_autonomy/share/dbvf_autonomy/environment/path.dsv
[0.292s] -- Up-to-date: /home/finn/Documents/ardu_ws/src/dbvf_autonomy/install/dbvf_autonomy/share/dbvf_autonomy/local_setup.bash
[0.292s] -- Up-to-date: /home/finn/Documents/ardu_ws/src/dbvf_autonomy/install/dbvf_autonomy/share/dbvf_autonomy/local_setup.sh
[0.292s] -- Up-to-date: /home/finn/Documents/ardu_ws/src/dbvf_autonomy/install/dbvf_autonomy/share/dbvf_autonomy/local_setup.zsh
[0.292s] -- Up-to-date: /home/finn/Documents/ardu_ws/src/dbvf_autonomy/install/dbvf_autonomy/share/dbvf_autonomy/local_setup.dsv
[0.293s] -- Installing: /home/finn/Documents/ardu_ws/src/dbvf_autonomy/install/dbvf_autonomy/share/dbvf_autonomy/package.dsv
[0.293s] -- Up-to-date: /home/finn/Documents/ardu_ws/src/dbvf_autonomy/install/dbvf_autonomy/share/ament_index/resource_index/packages/dbvf_autonomy
[0.293s] -- Up-to-date: /home/finn/Documents/ardu_ws/src/dbvf_autonomy/install/dbvf_autonomy/share/dbvf_autonomy/cmake/dbvf_autonomyConfig.cmake
[0.293s] -- Up-to-date: /home/finn/Documents/ardu_ws/src/dbvf_autonomy/install/dbvf_autonomy/share/dbvf_autonomy/cmake/dbvf_autonomyConfig-version.cmake
[0.293s] -- Up-to-date: /home/finn/Documents/ardu_ws/src/dbvf_autonomy/install/dbvf_autonomy/share/dbvf_autonomy/package.xml
[0.294s] Invoked command in '/home/finn/Documents/ardu_ws/src/dbvf_autonomy/build/dbvf_autonomy' returned '0': CMAKE_PREFIX_PATH=/opt/ros/humble /usr/bin/cmake --install /home/finn/Documents/ardu_ws/src/dbvf_autonomy/build/dbvf_autonomy
